2024-05-23T14:09:04.801Z [32minfo[39m: GET /home
2024-05-23T14:09:04.965Z [32minfo[39m: Handling GET request for /
2024-06-04T21:31:37.626Z [32minfo[39m: GET /session/acceso
2024-06-04T21:31:39.561Z [32minfo[39m: GET /session/recuperar-contrasena
2024-06-04T21:31:50.248Z [32minfo[39m: POST /session/recuperar-contrasena
2024-06-04T21:31:54.825Z [32minfo[39m: GET /session/acceso
2024-06-04T21:32:10.956Z [32minfo[39m: GET /session/cambiar-contrasena?token=7d7d0a2aa6017a13b16853d530feca86f36dd9d87f7e44be3ae6c59498adab1a
2024-06-04T21:32:22.118Z [32minfo[39m: POST /session/cambiar-contrasena
2024-06-04T21:32:24.672Z [32minfo[39m: GET /login
2024-06-04T21:37:01.809Z [31merror[39m: unhandledRejection: Invalid scheme, expected connection string to start with "mongodb://" or "mongodb+srv://"
MongoParseError: Invalid scheme, expected connection string to start with "mongodb://" or "mongodb+srv://"
    at new ConnectionString (C:\NewProgramacion\CoderHouse\BackEnd\node_modules\mongodb-connection-string-url\lib\index.js:86:19)
    at parseOptions (C:\NewProgramacion\CoderHouse\BackEnd\node_modules\mongodb\lib\connection_string.js:186:17)
    at new MongoClient (C:\NewProgramacion\CoderHouse\BackEnd\node_modules\mongodb\lib\mongo_client.js:51:63)
    at MongoClient.connect (C:\NewProgramacion\CoderHouse\BackEnd\node_modules\mongodb\lib\mongo_client.js:295:24)
    at new MongoStore (C:\NewProgramacion\CoderHouse\BackEnd\node_modules\connect-mongo\build\main\lib\MongoStore.js:114:46)
    at MongoStore.create (C:\NewProgramacion\CoderHouse\BackEnd\node_modules\connect-mongo\build\main\lib\MongoStore.js:140:16)
    at Object.<anonymous> (C:\NewProgramacion\CoderHouse\BackEnd\src\app.js:31:23)
    at Module._compile (node:internal/modules/cjs/loader:1376:14)
    at Module._extensions..js (node:internal/modules/cjs/loader:1435:10)
    at Module.load (node:internal/modules/cjs/loader:1207:32)
2024-06-04T21:37:15.843Z [31merror[39m: unhandledRejection: Invalid scheme, expected connection string to start with "mongodb://" or "mongodb+srv://"
MongoParseError: Invalid scheme, expected connection string to start with "mongodb://" or "mongodb+srv://"
    at new ConnectionString (C:\NewProgramacion\CoderHouse\BackEnd\node_modules\mongodb-connection-string-url\lib\index.js:86:19)
    at parseOptions (C:\NewProgramacion\CoderHouse\BackEnd\node_modules\mongodb\lib\connection_string.js:186:17)
    at new MongoClient (C:\NewProgramacion\CoderHouse\BackEnd\node_modules\mongodb\lib\mongo_client.js:51:63)
    at MongoClient.connect (C:\NewProgramacion\CoderHouse\BackEnd\node_modules\mongodb\lib\mongo_client.js:295:24)
    at new MongoStore (C:\NewProgramacion\CoderHouse\BackEnd\node_modules\connect-mongo\build\main\lib\MongoStore.js:114:46)
    at MongoStore.create (C:\NewProgramacion\CoderHouse\BackEnd\node_modules\connect-mongo\build\main\lib\MongoStore.js:140:16)
    at Object.<anonymous> (C:\NewProgramacion\CoderHouse\BackEnd\src\app.js:31:23)
    at Module._compile (node:internal/modules/cjs/loader:1376:14)
    at Module._extensions..js (node:internal/modules/cjs/loader:1435:10)
    at Module.load (node:internal/modules/cjs/loader:1207:32)
2024-06-04T21:37:21.262Z [31merror[39m: unhandledRejection: Invalid scheme, expected connection string to start with "mongodb://" or "mongodb+srv://"
MongoParseError: Invalid scheme, expected connection string to start with "mongodb://" or "mongodb+srv://"
    at new ConnectionString (C:\NewProgramacion\CoderHouse\BackEnd\node_modules\mongodb-connection-string-url\lib\index.js:86:19)
    at parseOptions (C:\NewProgramacion\CoderHouse\BackEnd\node_modules\mongodb\lib\connection_string.js:186:17)
    at new MongoClient (C:\NewProgramacion\CoderHouse\BackEnd\node_modules\mongodb\lib\mongo_client.js:51:63)
    at MongoClient.connect (C:\NewProgramacion\CoderHouse\BackEnd\node_modules\mongodb\lib\mongo_client.js:295:24)
    at new MongoStore (C:\NewProgramacion\CoderHouse\BackEnd\node_modules\connect-mongo\build\main\lib\MongoStore.js:114:46)
    at MongoStore.create (C:\NewProgramacion\CoderHouse\BackEnd\node_modules\connect-mongo\build\main\lib\MongoStore.js:140:16)
    at Object.<anonymous> (C:\NewProgramacion\CoderHouse\BackEnd\src\app.js:31:23)
    at Module._compile (node:internal/modules/cjs/loader:1376:14)
    at Module._extensions..js (node:internal/modules/cjs/loader:1435:10)
    at Module.load (node:internal/modules/cjs/loader:1207:32)
2024-06-16T21:44:19.387Z [32minfo[39m: GET /home
2024-06-16T21:44:19.562Z [32minfo[39m: Handling GET request for /
2024-06-16T21:44:20.032Z [32minfo[39m: GET /favicon.ico
2024-06-16T21:44:21.912Z [32minfo[39m: GET //api-docs
2024-06-16T22:02:00.098Z [32minfo[39m: GET /session/
2024-06-16T22:02:02.362Z [32minfo[39m: GET /session
2024-06-16T22:02:09.261Z [32minfo[39m: GET /session/acceso
2024-06-16T22:02:25.604Z [32minfo[39m: GET /home
2024-06-16T22:02:25.771Z [32minfo[39m: Handling GET request for /
2024-06-16T22:02:34.685Z [32minfo[39m: GET //api-docs/
2024-06-16T22:11:03.975Z [32minfo[39m: GET /session/acceso
2024-06-16T22:11:05.909Z [32minfo[39m: GET /session/registro
2024-06-16T22:11:08.821Z [32minfo[39m: GET /session/registro
2024-06-16T22:11:11.998Z [32minfo[39m: GET /session/recuperar-contrasena
2024-06-16T23:33:31.445Z [32minfo[39m: GET /home
2024-06-16T23:33:31.615Z [32minfo[39m: Handling GET request for /
2024-06-17T19:52:39.661Z [32minfo[39m: GET /home
2024-06-17T19:52:39.842Z [32minfo[39m: Handling GET request for /
2024-06-17T19:52:40.162Z [32minfo[39m: GET /favicon.ico
2024-06-17T19:52:41.444Z [32minfo[39m: GET /session/acceso
2024-06-17T19:52:42.813Z [32minfo[39m: GET /session/recuperar-contrasena
2024-06-17T20:04:37.631Z [32minfo[39m: GET /home
2024-06-17T20:04:37.794Z [32minfo[39m: Handling GET request for /
2024-06-17T20:04:39.222Z [32minfo[39m: GET /session/acceso
2024-06-17T20:04:41.309Z [32minfo[39m: GET /home
2024-06-17T20:04:41.465Z [32minfo[39m: Handling GET request for /
2024-06-17T20:04:41.675Z [32minfo[39m: GET /home
2024-06-17T20:04:41.831Z [32minfo[39m: Handling GET request for /
2024-06-17T20:17:16.131Z [32minfo[39m: GET /destination/GET
2024-06-17T20:21:40.819Z [32minfo[39m: GET /destination/GET
2024-06-17T21:32:56.860Z [32minfo[39m: GET /home
2024-06-17T21:32:57.045Z [32minfo[39m: Handling GET request for /
2024-06-18T21:00:30.725Z [32minfo[39m: GET /home
2024-06-18T21:00:30.896Z [32minfo[39m: Handling GET request for /
2024-06-18T21:00:31.274Z [32minfo[39m: GET /favicon.ico
2024-06-18T21:02:06.404Z [32minfo[39m: GET /home
2024-06-18T21:02:06.561Z [32minfo[39m: Handling GET request for /
2024-06-18T21:05:50.837Z [32minfo[39m: GET /home
2024-06-18T21:05:51.443Z [32minfo[39m: Handling GET request for /
2024-06-18T21:06:04.166Z [32minfo[39m: GET /home
2024-06-18T21:06:04.332Z [32minfo[39m: Handling GET request for /
2024-06-18T21:06:48.458Z [32minfo[39m: GET /home
2024-06-18T21:06:48.622Z [32minfo[39m: Handling GET request for /
2024-06-18T21:07:03.682Z [32minfo[39m: GET /home
2024-06-18T21:07:03.849Z [32minfo[39m: Handling GET request for /
2024-06-18T21:07:44.723Z [32minfo[39m: GET /home
2024-06-18T21:07:44.887Z [32minfo[39m: Handling GET request for /
2024-06-18T21:08:16.247Z [32minfo[39m: GET /home
2024-06-18T21:08:16.414Z [32minfo[39m: Handling GET request for /
2024-06-18T21:08:54.083Z [32minfo[39m: GET /home
2024-06-18T21:08:54.245Z [32minfo[39m: Handling GET request for /
2024-06-18T21:09:07.069Z [32minfo[39m: GET /home
2024-06-18T21:09:07.232Z [32minfo[39m: Handling GET request for /
2024-06-18T21:09:33.230Z [32minfo[39m: GET /home
2024-06-18T21:09:33.391Z [32minfo[39m: Handling GET request for /
2024-06-18T21:09:36.624Z [32minfo[39m: GET /home
2024-06-18T21:09:36.788Z [32minfo[39m: Handling GET request for /
2024-06-18T21:10:17.532Z [32minfo[39m: GET /home
2024-06-18T21:10:17.693Z [32minfo[39m: Handling GET request for /
2024-06-18T21:10:58.259Z [32minfo[39m: GET /home
2024-06-18T21:10:58.433Z [32minfo[39m: Handling GET request for /
2024-06-18T21:13:43.440Z [32minfo[39m: GET /home
2024-06-18T21:13:43.604Z [32minfo[39m: Handling GET request for /
2024-06-18T21:15:06.266Z [32minfo[39m: GET /home
2024-06-18T21:15:06.430Z [32minfo[39m: Handling GET request for /
2024-06-18T21:18:19.354Z [32minfo[39m: GET /home
2024-06-18T21:18:21.394Z [32minfo[39m: Handling GET request for /
2024-06-18T21:18:58.067Z [32minfo[39m: GET /home
2024-06-18T21:18:58.248Z [32minfo[39m: Handling GET request for /
2024-06-18T21:19:18.943Z [32minfo[39m: GET /home
2024-06-18T21:19:19.109Z [32minfo[39m: Handling GET request for /
2024-06-18T21:20:07.387Z [32minfo[39m: GET /home
2024-06-18T21:20:07.550Z [32minfo[39m: Handling GET request for /
2024-06-18T21:20:18.730Z [32minfo[39m: GET /home
2024-06-18T21:20:18.892Z [32minfo[39m: Handling GET request for /
2024-06-18T21:20:27.106Z [32minfo[39m: GET /home
2024-06-18T21:20:27.270Z [32minfo[39m: Handling GET request for /
2024-06-18T21:21:33.447Z [32minfo[39m: GET /home
2024-06-18T21:21:33.608Z [32minfo[39m: Handling GET request for /
2024-06-18T21:21:43.206Z [32minfo[39m: GET /home
2024-06-18T21:21:43.369Z [32minfo[39m: Handling GET request for /
2024-06-18T21:22:25.378Z [32minfo[39m: GET /home
2024-06-18T21:22:25.540Z [32minfo[39m: Handling GET request for /
2024-06-18T21:22:40.297Z [32minfo[39m: GET /home
2024-06-18T21:22:40.459Z [32minfo[39m: Handling GET request for /
2024-06-18T21:22:56.563Z [32minfo[39m: GET /home
2024-06-18T21:22:56.725Z [32minfo[39m: Handling GET request for /
2024-06-18T21:23:14.774Z [32minfo[39m: GET /home
2024-06-18T21:23:14.938Z [32minfo[39m: Handling GET request for /
2024-06-18T21:23:33.917Z [32minfo[39m: GET /home
2024-06-18T21:23:34.080Z [32minfo[39m: Handling GET request for /
2024-06-18T21:26:13.972Z [32minfo[39m: GET /home
2024-06-18T21:26:14.144Z [32minfo[39m: Handling GET request for /
2024-06-18T21:26:53.438Z [32minfo[39m: GET /home
2024-06-18T21:26:53.608Z [32minfo[39m: Handling GET request for /
2024-06-18T21:27:45.563Z [32minfo[39m: GET /home
2024-06-18T21:27:45.730Z [32minfo[39m: Handling GET request for /
2024-06-18T21:29:09.174Z [32minfo[39m: GET /home
2024-06-18T21:29:09.340Z [32minfo[39m: Handling GET request for /
2024-06-18T21:29:39.611Z [32minfo[39m: GET /home
2024-06-18T21:29:39.774Z [32minfo[39m: Handling GET request for /
2024-06-18T21:30:26.865Z [32minfo[39m: GET /home
2024-06-18T21:30:27.033Z [32minfo[39m: Handling GET request for /
2024-06-18T21:30:48.200Z [32minfo[39m: GET /home
2024-06-18T21:30:48.379Z [32minfo[39m: Handling GET request for /
2024-06-18T21:31:43.821Z [32minfo[39m: GET /home
2024-06-18T21:31:43.986Z [32minfo[39m: Handling GET request for /
2024-06-18T21:32:38.700Z [32minfo[39m: GET /home
2024-06-18T21:32:38.862Z [32minfo[39m: Handling GET request for /
2024-06-18T21:34:28.737Z [32minfo[39m: GET /home
2024-06-18T21:34:28.905Z [32minfo[39m: Handling GET request for /
2024-06-18T21:35:24.988Z [32minfo[39m: GET /home
2024-06-18T21:35:25.164Z [32minfo[39m: Handling GET request for /
2024-06-18T21:36:58.740Z [32minfo[39m: GET /home
2024-06-18T21:36:58.906Z [32minfo[39m: Handling GET request for /
2024-06-18T21:39:05.838Z [32minfo[39m: GET /home
2024-06-18T21:39:06.002Z [32minfo[39m: Handling GET request for /
2024-06-18T21:39:25.128Z [32minfo[39m: GET /home
2024-06-18T21:39:25.297Z [32minfo[39m: Handling GET request for /
2024-06-18T21:39:46.999Z [32minfo[39m: GET /home
2024-06-18T21:39:47.165Z [32minfo[39m: Handling GET request for /
2024-06-18T21:40:42.932Z [32minfo[39m: GET /home
2024-06-18T21:40:43.095Z [32minfo[39m: Handling GET request for /
2024-06-18T21:41:25.499Z [32minfo[39m: GET /home
2024-06-18T21:41:25.661Z [32minfo[39m: Handling GET request for /
2024-06-18T21:41:49.566Z [32minfo[39m: GET /home
2024-06-18T21:41:49.732Z [32minfo[39m: Handling GET request for /
2024-06-18T21:41:57.584Z [32minfo[39m: GET /home
2024-06-18T21:41:57.751Z [32minfo[39m: Handling GET request for /
2024-06-18T21:44:51.438Z [32minfo[39m: GET /home
2024-06-18T21:44:51.601Z [32minfo[39m: Handling GET request for /
2024-06-18T21:45:52.299Z [32minfo[39m: GET /home
2024-06-18T21:45:52.460Z [32minfo[39m: Handling GET request for /
2024-06-18T21:46:20.258Z [32minfo[39m: GET /home
2024-06-18T21:46:20.421Z [32minfo[39m: Handling GET request for /
2024-06-18T21:46:35.934Z [32minfo[39m: GET /home
2024-06-18T21:46:36.100Z [32minfo[39m: Handling GET request for /
2024-06-18T21:46:49.757Z [32minfo[39m: GET /home
2024-06-18T21:46:49.920Z [32minfo[39m: Handling GET request for /
2024-06-18T21:47:23.340Z [32minfo[39m: GET /home
2024-06-18T21:47:23.505Z [32minfo[39m: Handling GET request for /
2024-06-18T21:47:35.208Z [32minfo[39m: GET /home
2024-06-18T21:47:35.388Z [32minfo[39m: Handling GET request for /
2024-06-18T21:47:41.410Z [32minfo[39m: GET /home
2024-06-18T21:47:41.570Z [32minfo[39m: Handling GET request for /
2024-06-18T21:47:46.912Z [32minfo[39m: GET /home
2024-06-18T21:47:47.083Z [32minfo[39m: Handling GET request for /
2024-06-18T21:47:53.102Z [32minfo[39m: GET /home
2024-06-18T21:47:53.266Z [32minfo[39m: Handling GET request for /
2024-06-18T21:48:07.377Z [32minfo[39m: GET /session/acceso
2024-06-18T21:48:08.512Z [32minfo[39m: GET /home
2024-06-18T21:48:08.706Z [32minfo[39m: Handling GET request for /
2024-06-18T21:49:02.016Z [32minfo[39m: GET /home
2024-06-18T21:49:02.181Z [32minfo[39m: Handling GET request for /
2024-06-18T21:49:15.622Z [32minfo[39m: GET /home
2024-06-18T21:49:15.793Z [32minfo[39m: Handling GET request for /
2024-06-18T21:50:03.076Z [32minfo[39m: GET /home
2024-06-18T21:50:03.244Z [32minfo[39m: Handling GET request for /
2024-06-18T21:51:18.783Z [32minfo[39m: GET /home
2024-06-18T21:51:18.947Z [32minfo[39m: Handling GET request for /
2024-06-18T21:51:33.124Z [32minfo[39m: GET /home
2024-06-18T21:51:33.290Z [32minfo[39m: Handling GET request for /
2024-06-18T21:51:40.873Z [32minfo[39m: GET /home
2024-06-18T21:51:41.041Z [32minfo[39m: Handling GET request for /
2024-06-18T21:52:09.770Z [32minfo[39m: GET /home
2024-06-18T21:52:09.934Z [32minfo[39m: Handling GET request for /
2024-06-19T20:05:39.918Z [32minfo[39m: GET /home
2024-06-19T20:05:40.865Z [32minfo[39m: Handling GET request for /
2024-06-19T20:05:41.245Z [32minfo[39m: GET /favicon.ico
2024-06-19T20:36:14.019Z [32minfo[39m: GET /checkreservation?lastname=Condori&reservationCode=ARR24
2024-06-19T20:36:51.640Z [32minfo[39m: GET /home
2024-06-19T20:36:51.823Z [32minfo[39m: Handling GET request for /
2024-06-19T20:37:00.836Z [32minfo[39m: GET /home?lastname=Condori&reservationCode=ARR24
2024-06-19T20:37:00.991Z [32minfo[39m: Handling GET request for /
2024-06-19T20:37:13.626Z [32minfo[39m: GET /home?lastname=Condori&reservationCode=ARR24
2024-06-19T20:37:13.782Z [32minfo[39m: Handling GET request for /
2024-06-19T20:38:02.325Z [32minfo[39m: GET /home?lastname=Condori&reservationCode=ARR24
2024-06-19T20:38:03.200Z [32minfo[39m: Handling GET request for /
2024-06-19T20:38:08.400Z [32minfo[39m: POST /checkout/reservation
2024-06-19T20:38:52.746Z [32minfo[39m: POST /checkout/reservation
2024-06-19T20:39:34.346Z [32minfo[39m: POST /checkout/reservation
2024-06-19T20:45:09.794Z [32minfo[39m: POST /checkout/reservation
2024-06-19T20:45:26.930Z [32minfo[39m: POST /checkout/reservation
2024-06-19T20:45:31.840Z [32minfo[39m: POST /checkout/reservation
2024-06-19T20:45:32.003Z [31merror[39m: unhandledRejection: Cannot set headers after they are sent to the client
Error [ERR_HTTP_HEADERS_SENT]: Cannot set headers after they are sent to the client
    at ServerResponse.setHeader (node:_http_outgoing:652:11)
    at ServerResponse.header (C:\NewProgramacion\CoderHouse\BackEnd\node_modules\express\lib\response.js:794:10)
    at ServerResponse.send (C:\NewProgramacion\CoderHouse\BackEnd\node_modules\express\lib\response.js:174:12)
    at ServerResponse.json (C:\NewProgramacion\CoderHouse\BackEnd\node_modules\express\lib\response.js:278:15)
    at ServerResponse.send (C:\NewProgramacion\CoderHouse\BackEnd\node_modules\express\lib\response.js:162:21)
    at C:\NewProgramacion\CoderHouse\BackEnd\src\routes\checkout.routes.js:102:21
    at process.processTicksAndRejections (node:internal/process/task_queues:95:5)
2024-06-19T20:45:43.264Z [32minfo[39m: GET /home?lastname=Condori&reservationCode=ARR24
2024-06-19T20:45:43.817Z [32minfo[39m: Handling GET request for /
2024-06-19T20:45:44.451Z [32minfo[39m: GET /home
2024-06-19T20:45:44.609Z [32minfo[39m: Handling GET request for /
2024-06-19T20:45:59.630Z [32minfo[39m: POST /checkout/reservation
2024-06-19T20:45:59.800Z [32minfo[39m: GET /checkout/reservation
2024-06-19T20:47:46.978Z [32minfo[39m: POST /checkout/reservation
2024-06-19T20:47:47.162Z [31merror[39m: unhandledRejection: Cannot set headers after they are sent to the client
Error [ERR_HTTP_HEADERS_SENT]: Cannot set headers after they are sent to the client
    at ServerResponse.setHeader (node:_http_outgoing:652:11)
    at ServerResponse.header (C:\NewProgramacion\CoderHouse\BackEnd\node_modules\express\lib\response.js:794:10)
    at ServerResponse.send (C:\NewProgramacion\CoderHouse\BackEnd\node_modules\express\lib\response.js:174:12)
    at ServerResponse.json (C:\NewProgramacion\CoderHouse\BackEnd\node_modules\express\lib\response.js:278:15)
    at ServerResponse.send (C:\NewProgramacion\CoderHouse\BackEnd\node_modules\express\lib\response.js:162:21)
    at C:\NewProgramacion\CoderHouse\BackEnd\src\routes\checkout.routes.js:101:21
    at process.processTicksAndRejections (node:internal/process/task_queues:95:5)
2024-06-19T20:48:13.995Z [32minfo[39m: POST /checkout/reservation
2024-06-19T20:50:42.801Z [32minfo[39m: GET /home
2024-06-19T20:50:42.961Z [32minfo[39m: Handling GET request for /
2024-06-19T20:52:31.565Z [32minfo[39m: GET /searchfly?flightType=ONE_WAY&from=sadfsdaf&ticketClass=economy&not=1&dateFlight=2024-06-07
2024-06-19T20:55:32.268Z [32minfo[39m: POST /checkout/reservation
2024-06-19T20:55:32.456Z [32minfo[39m: GET /checkout/reservation
2024-06-19T20:55:45.635Z [32minfo[39m: POST /checkout/reservation
2024-06-19T20:55:46.200Z [32minfo[39m: GET /checkout/reservation
2024-06-19T20:56:12.712Z [32minfo[39m: POST /checkout/reservation
2024-06-19T20:56:12.884Z [32minfo[39m: GET /checkout/reservation
2024-06-19T20:56:15.058Z [32minfo[39m: GET /home
2024-06-19T20:56:15.221Z [32minfo[39m: Handling GET request for /
2024-06-19T20:56:43.428Z [32minfo[39m: GET /home
2024-06-19T20:56:44.771Z [32minfo[39m: Handling GET request for /
2024-06-19T20:56:56.736Z [32minfo[39m: POST /checkout/reservation
2024-06-19T20:56:56.904Z [32minfo[39m: GET /checkout/reservation?lastname=Condori&code=ARR24
2024-06-19T20:58:38.255Z [32minfo[39m: GET /checkout/reservation?lastname=Condori&code=ARR24
2024-06-19T20:59:38.168Z [32minfo[39m: GET /checkout/reservation?lastname=Condori
2024-06-19T20:59:42.665Z [32minfo[39m: GET /checkout/reservation?lastname=Condori
2024-06-19T20:59:58.934Z [32minfo[39m: GET /checkout/reservation?lastname=Condori&code=ARR24
2024-06-19T21:00:08.277Z [32minfo[39m: GET /home
2024-06-19T21:00:08.452Z [32minfo[39m: Handling GET request for /
2024-06-19T21:00:10.696Z [32minfo[39m: POST /checkout/reservation
2024-06-19T21:00:10.860Z [32minfo[39m: GET /checkout/reservation?lastname=Condori&code=ARR24
2024-06-19T21:00:13.408Z [32minfo[39m: GET /checkout/reservation?lastname=Condori
2024-06-19T21:00:24.144Z [32minfo[39m: GET /home
2024-06-19T21:00:24.738Z [32minfo[39m: Handling GET request for /
2024-06-19T21:00:48.971Z [32minfo[39m: POST /checkout/reservation
2024-06-19T21:00:49.145Z [32minfo[39m: GET /checkout/reservation?lastname=Condori&code=ARR24
2024-06-19T21:02:11.730Z [32minfo[39m: GET /checkout/reservation?lastname=Condori&code=ARR24
2024-06-19T21:02:16.704Z [32minfo[39m: GET /checkout/reservation?lastname=Condori
2024-06-19T21:02:16.708Z [32minfo[39m: GET /home
2024-06-19T21:02:16.872Z [31merror[39m: unhandledRejection: Cannot set headers after they are sent to the client
Error [ERR_HTTP_HEADERS_SENT]: Cannot set headers after they are sent to the client
    at ServerResponse.setHeader (node:_http_outgoing:652:11)
    at ServerResponse.header (C:\NewProgramacion\CoderHouse\BackEnd\node_modules\express\lib\response.js:794:10)
    at ServerResponse.location (C:\NewProgramacion\CoderHouse\BackEnd\node_modules\express\lib\response.js:915:15)
    at ServerResponse.redirect (C:\NewProgramacion\CoderHouse\BackEnd\node_modules\express\lib\response.js:953:18)
    at C:\NewProgramacion\CoderHouse\BackEnd\src\routes\checkout.routes.js:85:9
    at process.processTicksAndRejections (node:internal/process/task_queues:95:5)
2024-06-19T21:02:32.930Z [32minfo[39m: GET /home
2024-06-19T21:02:34.878Z [32minfo[39m: Handling GET request for /
2024-06-19T21:02:56.073Z [32minfo[39m: POST /checkout/reservation
2024-06-19T21:03:06.592Z [32minfo[39m: POST /checkout/reservation
2024-06-19T21:03:06.763Z [32minfo[39m: GET /checkout/reservation?lastname=Condori&code=ARR24
2024-06-19T22:11:52.269Z [32minfo[39m: GET /home
2024-06-19T22:11:52.438Z [32minfo[39m: Handling GET request for /
2024-06-19T22:12:15.866Z [32minfo[39m: GET /home
2024-06-19T22:12:16.029Z [32minfo[39m: Handling GET request for /
2024-06-19T22:12:57.696Z [32minfo[39m: GET /home
2024-06-19T22:12:57.860Z [32minfo[39m: Handling GET request for /
2024-06-19T22:13:04.589Z [32minfo[39m: GET /home
2024-06-19T22:13:04.753Z [32minfo[39m: Handling GET request for /
2024-06-19T22:19:38.949Z [32minfo[39m: GET /session/acceso
2024-06-19T22:19:42.540Z [32minfo[39m: GET /session/recuperarContrasena
2024-06-19T22:19:45.413Z [32minfo[39m: GET /session/registro
2024-06-19T22:19:48.540Z [32minfo[39m: GET /home
2024-06-19T22:19:48.708Z [32minfo[39m: Handling GET request for /
2024-06-19T22:20:00.005Z [32minfo[39m: GET /session/acceso
2024-06-19T22:20:00.828Z [32minfo[39m: GET /home
2024-06-19T22:20:00.993Z [32minfo[39m: Handling GET request for /
2024-06-19T22:23:27.812Z [32minfo[39m: GET /session/acceso
2024-06-19T22:23:30.124Z [32minfo[39m: GET /home
2024-06-19T22:23:30.288Z [32minfo[39m: Handling GET request for /
2024-06-19T22:23:48.084Z [32minfo[39m: GET /searchfly?flightType=ONE_WAY&from=dasf&ticketClass=economy&not=1&dateFlight=2024-06-26
2024-06-19T22:24:05.740Z [32minfo[39m: POST /searchfly
2024-06-19T22:24:05.748Z [32minfo[39m: GET /checkout/passengers
2024-06-19T22:24:12.084Z [32minfo[39m: GET /home
2024-06-19T22:24:12.249Z [32minfo[39m: Handling GET request for /
2024-06-19T22:24:19.011Z [32minfo[39m: GET /home
2024-06-19T22:24:19.173Z [32minfo[39m: Handling GET request for /
2024-07-01T19:23:10.938Z [32minfo[39m: GET /home
2024-07-01T19:23:11.129Z [32minfo[39m: Handling GET request for /
2024-07-01T19:23:11.523Z [32minfo[39m: GET /favicon.ico
2024-07-01T20:44:44.152Z [32minfo[39m: GET /home
2024-07-01T20:44:44.327Z [32minfo[39m: Handling GET request for /
2024-07-13T23:29:00.386Z [32minfo[39m: GET /home
2024-07-13T23:29:00.563Z [32minfo[39m: Handling GET request for /
2024-07-13T23:29:00.917Z [32minfo[39m: GET /favicon.ico
2024-07-13T23:29:03.133Z [32minfo[39m: GET /home
2024-07-13T23:29:03.296Z [32minfo[39m: Handling GET request for /
2024-07-13T23:54:27.289Z [32minfo[39m: GET /home
2024-07-13T23:54:28.314Z [32minfo[39m: Handling GET request for /
2024-07-13T23:54:31.416Z [32minfo[39m: GET /home
2024-07-13T23:54:31.586Z [32minfo[39m: Handling GET request for /
2024-07-14T00:03:43.977Z [32minfo[39m: GET /home
2024-07-14T00:03:44.151Z [32minfo[39m: Handling GET request for /
2024-07-14T00:04:26.358Z [32minfo[39m: GET /home
2024-07-14T00:04:27.474Z [32minfo[39m: Handling GET request for /
2024-07-14T00:08:21.225Z [32minfo[39m: GET /searchfly?flightType=ONE_WAY&from=Buenos+Aires&ticketClass=economy&not=1&dateFlight=2024-07-17
2024-07-14T00:43:10.727Z [32minfo[39m: GET /home
2024-07-14T00:43:10.930Z [32minfo[39m: Handling GET request for /
2024-07-14T00:43:24.109Z [32minfo[39m: GET /searchfly?flightType=ONE_WAY&from=Jujuy&ticketClass=economy&not=1&dateFlight=2024-07-25
2024-07-14T00:59:18.878Z [32minfo[39m: GET /home
2024-07-14T00:59:19.049Z [32minfo[39m: Handling GET request for /
2024-07-14T00:59:41.005Z [32minfo[39m: GET /searchfly?flightType=ONE_WAY&from=Jujuy&ticketClass=economy&not=1&dateFlight=2024-07-25
2024-07-14T01:00:02.004Z [32minfo[39m: GET /home
2024-07-14T01:00:02.174Z [32minfo[39m: Handling GET request for /
2024-07-14T01:00:45.581Z [32minfo[39m: GET /searchfly?flightType=ONE_WAY&from=Jujuy&ticketClass=economy&not=1&dateFlight=2024-07-26
2024-07-14T01:00:45.743Z [31merror[39m: File AircraftManager.js Error:  Cannot read properties of null (reading 'aircraftId')
2024-07-14T01:07:15.132Z [32minfo[39m: GET /home
2024-07-14T01:07:15.297Z [32minfo[39m: Handling GET request for /
2024-07-14T01:07:37.138Z [32minfo[39m: GET /searchfly?flightType=ONE_WAY&from=Buenos+Aires&ticketClass=economy&not=1&dateFlight=2024-07-23
2024-07-14T01:11:42.730Z [32minfo[39m: GET /home
2024-07-14T01:11:42.893Z [32minfo[39m: Handling GET request for /
2024-07-14T01:12:36.651Z [32minfo[39m: GET /home
2024-07-14T01:12:36.814Z [32minfo[39m: Handling GET request for /
2024-07-14T01:13:49.307Z [32minfo[39m: GET /home
2024-07-14T01:13:49.477Z [32minfo[39m: Handling GET request for /
2024-07-14T01:14:09.893Z [32minfo[39m: GET /home
2024-07-14T01:14:10.052Z [32minfo[39m: Handling GET request for /
2024-07-14T22:47:45.243Z [32minfo[39m: GET /home
2024-07-14T22:47:47.288Z [32minfo[39m: Handling GET request for /
2024-07-14T22:47:47.650Z [32minfo[39m: GET /favicon.ico
2024-07-14T22:47:50.617Z [32minfo[39m: GET /home
2024-07-14T22:47:50.791Z [32minfo[39m: Handling GET request for /
2024-07-14T22:48:03.179Z [32minfo[39m: GET /session/acceso
2024-07-14T22:48:14.735Z [32minfo[39m: POST /session/acceso
2024-07-14T22:48:39.382Z [32minfo[39m: POST /session/acceso
2024-07-14T22:49:22.146Z [32minfo[39m: POST /session/acceso
2024-07-14T22:50:02.434Z [32minfo[39m: POST /session/acceso
2024-07-14T22:50:17.321Z [32minfo[39m: POST /session/acceso
2024-07-14T22:52:15.897Z [32minfo[39m: POST /session/acceso
2024-07-14T22:52:26.607Z [32minfo[39m: GET /home
2024-07-14T22:52:27.146Z [32minfo[39m: Handling GET request for /
2024-07-14T22:52:28.490Z [32minfo[39m: GET /session/acceso
2024-07-14T22:52:32.005Z [32minfo[39m: POST /session/acceso
2024-07-14T22:53:10.015Z [32minfo[39m: POST /session/acceso
2024-07-14T22:53:59.082Z [32minfo[39m: POST /session/acceso
2024-07-14T22:54:02.573Z [32minfo[39m: GET /session/acceso
2024-07-14T22:54:05.263Z [32minfo[39m: POST /session/acceso
2024-07-14T22:58:33.457Z [32minfo[39m: GET /session/acceso
2024-07-14T22:58:35.581Z [32minfo[39m: POST /session/acceso
2024-07-14T23:00:02.763Z [32minfo[39m: GET /session/acceso
2024-07-14T23:00:05.333Z [32minfo[39m: POST /session/acceso
2024-07-14T23:00:37.856Z [32minfo[39m: GET /session/acceso
2024-07-14T23:00:40.430Z [32minfo[39m: POST /session/acceso
2024-07-14T23:01:01.264Z [32minfo[39m: GET /session/acceso
2024-07-14T23:01:04.294Z [32minfo[39m: POST /session/acceso
2024-07-14T23:01:19.360Z [32minfo[39m: GET /session/acceso
2024-07-14T23:01:24.726Z [32minfo[39m: POST /session/acceso
2024-07-14T23:01:52.643Z [32minfo[39m: GET /session/registro
2024-07-14T23:02:12.053Z [32minfo[39m: GET /session/acceso
2024-07-14T23:02:13.941Z [32minfo[39m: POST /session/acceso
2024-07-14T23:02:14.826Z [32minfo[39m: GET /session/registro
2024-07-14T23:02:22.211Z [32minfo[39m: GET /session/registro
2024-07-14T23:02:24.474Z [32minfo[39m: GET /session/recuperarContrasena
2024-07-14T23:09:46.280Z [32minfo[39m: POST /session/acceso
2024-07-14T23:09:54.030Z [32minfo[39m: POST /session/acceso
2024-07-14T23:10:11.856Z [32minfo[39m: POST /session/acceso
2024-07-14T23:12:43.002Z [32minfo[39m: POST /session/acceso
2024-07-14T23:12:50.999Z [32minfo[39m: POST /session/acceso
2024-07-14T23:15:10.468Z [32minfo[39m: GET /session/acceso
2024-07-14T23:15:11.789Z [32minfo[39m: GET /session/acceso
2024-07-14T23:15:13.516Z [32minfo[39m: POST /session/acceso
2024-07-14T23:15:18.142Z [32minfo[39m: POST /session/acceso
2024-07-14T23:16:53.368Z [32minfo[39m: GET /session/acceso
2024-07-14T23:17:00.525Z [32minfo[39m: POST /session/acceso
2024-07-14T23:18:02.921Z [32minfo[39m: GET /session/acceso
2024-07-14T23:18:04.961Z [32minfo[39m: GET /home
2024-07-14T23:18:05.125Z [32minfo[39m: Handling GET request for /
2024-07-14T23:18:17.200Z [32minfo[39m: GET /home
2024-07-14T23:18:17.358Z [32minfo[39m: Handling GET request for /
2024-07-14T23:18:18.642Z [32minfo[39m: GET /session/acceso
2024-07-14T23:18:40.138Z [32minfo[39m: POST /session/acceso
2024-07-14T23:18:41.770Z [32minfo[39m: GET /session/registro
2024-07-14T23:19:11.802Z [32minfo[39m: POST /session/registro
2024-07-14T23:19:23.169Z [32minfo[39m: POST /session/registro
2024-07-14T23:19:31.513Z [32minfo[39m: GET /session/registro
2024-07-14T23:20:11.193Z [32minfo[39m: POST /session/registro
2024-07-14T23:46:13.634Z [32minfo[39m: GET /session/registro
2024-07-14T23:46:32.720Z [32minfo[39m: POST /session/registro
2024-07-14T23:46:47.446Z [32minfo[39m: GET /session/registro
2024-07-14T23:46:53.156Z [32minfo[39m: POST /session/acceso
2024-07-14T23:47:03.747Z [32minfo[39m: POST /session/acceso
2024-07-14T23:47:32.271Z [32minfo[39m: GET /session/registro
2024-07-14T23:47:39.039Z [32minfo[39m: POST /session/registro
2024-07-15T00:16:59.743Z [32minfo[39m: GET /session/registro
2024-07-15T00:17:12.487Z [32minfo[39m: POST /session/registro
2024-07-15T00:23:29.791Z [32minfo[39m: GET /session/registro
2024-07-15T00:23:40.702Z [32minfo[39m: POST /session/registro
2024-07-15T00:32:42.128Z [32minfo[39m: GET /session/registro
2024-07-15T00:32:54.377Z [32minfo[39m: POST /session/registro
2024-07-15T00:32:58.114Z [32minfo[39m: POST /session/registro
2024-07-15T00:34:50.651Z [32minfo[39m: GET /session/registro
2024-07-15T00:35:02.865Z [32minfo[39m: POST /session/registro
2024-07-15T00:50:35.771Z [32minfo[39m: GET /session/registro
2024-07-15T00:50:53.565Z [32minfo[39m: POST /session/registro
2024-07-15T00:51:30.268Z [32minfo[39m: GET /session/registro
2024-07-15T00:51:45.228Z [32minfo[39m: POST /session/registro
2024-07-15T00:52:27.888Z [32minfo[39m: GET /session/registro
2024-07-15T00:54:04.072Z [32minfo[39m: GET /session/registro
2024-07-15T00:54:27.878Z [32minfo[39m: GET /session/registro
2024-07-15T00:54:41.024Z [32minfo[39m: POST /session/registro
2024-07-15T01:21:10.232Z [32minfo[39m: GET /session/registro
2024-07-15T01:21:19.663Z [32minfo[39m: POST /session/registro
2024-07-15T01:22:10.309Z [32minfo[39m: GET /session/registro
2024-07-15T01:22:23.719Z [32minfo[39m: POST /session/registro
2024-07-15T17:39:49.674Z [32minfo[39m: GET /home
2024-07-15T17:39:50.890Z [32minfo[39m: Handling GET request for /
2024-07-15T17:39:51.271Z [32minfo[39m: GET /favicon.ico
2024-07-15T17:39:58.226Z [32minfo[39m: GET /session/acceso
2024-07-15T17:40:00.904Z [32minfo[39m: GET /session/registro
2024-07-15T17:40:15.040Z [32minfo[39m: POST /session/registro
2024-07-15T17:40:15.449Z [32minfo[39m: GET /session/acceso
2024-07-15T17:42:02.300Z [32minfo[39m: GET /session/registro
2024-07-15T17:42:13.964Z [32minfo[39m: POST /session/registro
2024-07-15T17:42:33.733Z [32minfo[39m: POST /session/registro
2024-07-15T17:43:49.578Z [32minfo[39m: GET /session/registro
2024-07-15T17:43:57.827Z [32minfo[39m: POST /session/registro
2024-07-15T17:43:59.236Z [32minfo[39m: GET /session/acceso
2024-07-15T17:44:12.092Z [32minfo[39m: GET /session/registro
2024-07-15T17:44:21.572Z [32minfo[39m: POST /session/registro
2024-07-15T17:44:23.508Z [32minfo[39m: GET /session/acceso
2024-07-15T17:44:29.324Z [32minfo[39m: GET /session/registro
2024-07-15T17:52:27.503Z [32minfo[39m: POST /session/registro
2024-07-15T17:52:29.625Z [32minfo[39m: GET /session/acceso
2024-07-15T17:56:36.228Z [32minfo[39m: GET /session/acceso
2024-07-15T17:56:37.208Z [32minfo[39m: GET /session/registro
2024-07-15T17:56:44.339Z [32minfo[39m: POST /session/registro
2024-07-15T17:56:58.836Z [32minfo[39m: POST /session/registro
2024-07-15T17:57:41.363Z [32minfo[39m: GET /session/acceso
2024-07-15T17:57:47.363Z [32minfo[39m: POST /session/acceso
2024-07-18T20:58:14.239Z [32minfo[39m: GET /home
2024-07-18T20:58:14.416Z [32minfo[39m: Handling GET request for /
2024-07-18T20:58:14.770Z [32minfo[39m: GET /favicon.ico
2024-07-18T20:58:39.813Z [32minfo[39m: GET /session/acceso
2024-07-18T20:59:25.864Z [32minfo[39m: POST /session/acceso
2024-07-18T20:59:34.740Z [32minfo[39m: GET /session/registro
2024-07-18T20:59:41.608Z [32minfo[39m: POST /session/registro
2024-07-18T21:02:02.444Z [32minfo[39m: GET /session/acceso
2024-07-18T21:04:32.171Z [32minfo[39m: POST /session/acceso
2024-07-18T21:05:06.454Z [32minfo[39m: POST /session/acceso
2024-07-18T21:08:07.051Z [32minfo[39m: GET /session/recuperarContrasena
2024-07-18T21:08:10.018Z [32minfo[39m: GET /session/registro
2024-07-18T21:08:25.928Z [32minfo[39m: POST /session/registro
2024-07-18T21:09:02.199Z [32minfo[39m: POST /session/registro
2024-07-18T21:09:04.298Z [32minfo[39m: GET /session/acceso
2024-07-18T21:09:11.552Z [32minfo[39m: POST /session/acceso
2024-07-18T21:09:19.981Z [32minfo[39m: POST /session/acceso
2024-07-18T21:09:42.994Z [32minfo[39m: POST /session/acceso
2024-07-18T21:09:51.130Z [32minfo[39m: POST /session/acceso
2024-07-18T21:12:20.490Z [32minfo[39m: POST /session/acceso
2024-07-18T21:14:04.234Z [32minfo[39m: POST /session/acceso
2024-07-18T21:14:36.690Z [32minfo[39m: POST /session/acceso
2024-07-18T21:15:20.304Z [32minfo[39m: POST /session/acceso
2024-07-18T21:15:20.876Z [32minfo[39m: GET /home
2024-07-18T21:15:21.044Z [32minfo[39m: Handling GET request for /
2024-07-18T21:15:35.248Z [32minfo[39m: GET /session/acceso
2024-07-18T21:15:39.066Z [32minfo[39m: POST /session/acceso
2024-07-18T21:15:45.288Z [32minfo[39m: POST /session/acceso
2024-07-18T21:15:45.840Z [32minfo[39m: GET /home
2024-07-18T21:15:46.006Z [32minfo[39m: Handling GET request for /
2024-07-18T21:19:56.895Z [32minfo[39m: GET /home
2024-07-18T21:19:57.399Z [32minfo[39m: Handling GET request for /
2024-07-18T21:21:15.353Z [32minfo[39m: GET /home
2024-07-18T21:21:16.457Z [32minfo[39m: Handling GET request for /
2024-07-18T21:21:53.963Z [32minfo[39m: GET /home
2024-07-18T21:21:54.129Z [32minfo[39m: Handling GET request for /
2024-07-18T21:22:18.179Z [32minfo[39m: GET /home
2024-07-18T21:22:18.367Z [32minfo[39m: Handling GET request for /
2024-07-18T21:24:59.826Z [32minfo[39m: GET /home
2024-07-18T21:25:00.002Z [32minfo[39m: Handling GET request for /
2024-07-18T21:25:15.410Z [32minfo[39m: GET /home
2024-07-18T21:25:15.580Z [32minfo[39m: Handling GET request for /
2024-07-18T21:25:16.838Z [32minfo[39m: GET /session/logout
2024-07-18T21:25:17.168Z [32minfo[39m: GET /home
2024-07-18T21:25:17.331Z [32minfo[39m: Handling GET request for /
2024-07-18T21:25:19.585Z [32minfo[39m: GET /session/acceso
2024-07-18T21:25:23.010Z [32minfo[39m: POST /session/acceso
2024-07-18T21:25:23.600Z [32minfo[39m: GET /home
2024-07-18T21:25:23.778Z [32minfo[39m: Handling GET request for /
2024-07-18T21:26:07.275Z [32minfo[39m: GET /home
2024-07-18T21:26:07.457Z [32minfo[39m: Handling GET request for /
2024-07-18T21:26:16.833Z [32minfo[39m: GET /session/userdata
2024-07-18T21:30:39.008Z [32minfo[39m: GET /session/acceso
2024-07-18T21:30:40.075Z [32minfo[39m: GET /session/userdata
2024-07-18T21:31:08.054Z [32minfo[39m: GET /session/userdata
2024-07-18T21:31:19.086Z [32minfo[39m: GET /home
2024-07-18T21:31:19.284Z [32minfo[39m: Handling GET request for /
2024-07-18T21:31:21.900Z [32minfo[39m: GET /session/userdata
2024-07-18T21:32:08.506Z [32minfo[39m: GET /home
2024-07-18T21:32:08.687Z [32minfo[39m: Handling GET request for /
2024-07-18T21:32:09.899Z [32minfo[39m: GET /session/userdata
2024-07-18T21:34:21.818Z [32minfo[39m: GET /session/userdata
2024-07-18T21:34:52.132Z [32minfo[39m: GET /session/userdata
2024-07-18T21:34:59.577Z [32minfo[39m: GET /home
2024-07-18T21:34:59.763Z [32minfo[39m: Handling GET request for /
2024-07-18T21:35:01.597Z [32minfo[39m: GET /session/userdata
2024-07-18T21:35:19.557Z [32minfo[39m: GET /session/userdata
2024-07-18T21:35:25.723Z [32minfo[39m: GET /session/userdata
2024-07-18T21:36:45.647Z [32minfo[39m: GET /session/userdata
2024-07-18T21:36:55.267Z [32minfo[39m: GET /session/userdata
2024-07-18T21:37:22.179Z [32minfo[39m: GET /session/userdata
2024-07-18T21:37:38.253Z [32minfo[39m: GET /session/userdata
2024-07-18T21:39:41.937Z [32minfo[39m: GET /session/userdata
2024-07-18T21:40:01.823Z [32minfo[39m: GET /session/userdata
2024-07-18T21:40:22.649Z [32minfo[39m: GET /home
2024-07-18T21:40:22.817Z [32minfo[39m: Handling GET request for /
2024-07-18T21:40:24.280Z [32minfo[39m: GET /session/logout
2024-07-18T21:40:24.634Z [32minfo[39m: GET /home
2024-07-18T21:40:24.796Z [32minfo[39m: Handling GET request for /
2024-07-19T18:38:01.541Z [32minfo[39m: GET /session/registro
2024-07-19T18:38:02.438Z [32minfo[39m: GET /session/registro
2024-07-19T18:38:02.973Z [32minfo[39m: GET /favicon.ico
2024-07-19T18:38:05.206Z [32minfo[39m: GET /home
2024-07-19T18:38:05.378Z [32minfo[39m: Handling GET request for /
2024-07-19T18:38:10.401Z [32minfo[39m: GET /session/acceso
2024-07-19T18:38:15.654Z [32minfo[39m: POST /session/acceso
2024-07-19T18:38:16.227Z [32minfo[39m: GET /home
2024-07-19T18:38:16.386Z [32minfo[39m: Handling GET request for /
2024-07-19T18:38:19.848Z [32minfo[39m: GET /session/logout
2024-07-19T18:38:20.176Z [32minfo[39m: GET /home
2024-07-19T18:38:20.356Z [32minfo[39m: Handling GET request for /
2024-07-19T19:04:52.169Z [32minfo[39m: GET /home
2024-07-19T19:04:52.331Z [32minfo[39m: Handling GET request for /
2024-07-19T19:04:57.901Z [32minfo[39m: GET /session/acceso
2024-07-19T19:05:01.259Z [32minfo[39m: GET /session/registro
2024-07-19T19:05:04.011Z [32minfo[39m: GET /home
2024-07-19T19:05:04.168Z [32minfo[39m: Handling GET request for /
2024-07-19T19:27:00.191Z [32minfo[39m: GET /adsfsdf
2024-07-19T21:20:57.314Z [32minfo[39m: GET /home
2024-07-19T21:20:57.795Z [32minfo[39m: Handling GET request for /
2024-07-19T21:23:22.743Z [32minfo[39m: GET /home
2024-07-19T21:23:22.908Z [32minfo[39m: Handling GET request for /
2024-07-19T21:23:24.919Z [32minfo[39m: GET /session/acceso
2024-07-19T21:23:31.811Z [32minfo[39m: POST /session/acceso
2024-07-19T21:23:32.357Z [32minfo[39m: GET /home
2024-07-19T21:23:32.517Z [32minfo[39m: Handling GET request for /
2024-07-23T21:35:38.907Z [32minfo[39m: GET /home
2024-07-23T21:35:39.084Z [32minfo[39m: Handling GET request for /
2024-07-23T21:35:39.453Z [32minfo[39m: GET /favicon.ico
2024-07-23T21:35:42.107Z [32minfo[39m: GET /home
2024-07-23T21:35:42.276Z [32minfo[39m: Handling GET request for /
2024-07-28T00:21:55.158Z [32minfo[39m: GET /checkout/passengers
2024-07-28T00:21:55.165Z [32minfo[39m: GET /home
2024-07-28T00:21:55.328Z [32minfo[39m: Handling GET request for /
2024-07-28T00:21:55.730Z [32minfo[39m: GET /favicon.ico
2024-07-28T00:22:19.324Z [32minfo[39m: GET /home
2024-07-28T00:22:19.481Z [32minfo[39m: Handling GET request for /
2024-07-28T00:22:21.062Z [32minfo[39m: GET /session/acceso
2024-07-28T00:22:45.690Z [32minfo[39m: POST /session/acceso
2024-07-28T00:22:46.244Z [32minfo[39m: GET /home
2024-07-28T00:22:46.402Z [32minfo[39m: Handling GET request for /
2024-07-28T00:22:49.243Z [32minfo[39m: GET /session/logout
2024-07-28T00:22:49.567Z [32minfo[39m: GET /home
2024-07-28T00:22:49.718Z [32minfo[39m: Handling GET request for /
2024-07-28T00:22:51.496Z [32minfo[39m: GET /home
2024-07-28T00:22:51.648Z [32minfo[39m: Handling GET request for /
2024-07-28T00:23:04.618Z [32minfo[39m: GET /session/acceso
2024-07-28T00:23:07.302Z [32minfo[39m: POST /session/acceso
2024-07-28T00:23:17.694Z [32minfo[39m: POST /session/acceso
2024-07-28T00:24:18.077Z [32minfo[39m: GET /session/registro
2024-07-28T00:24:32.369Z [32minfo[39m: POST /session/registro
2024-07-28T00:24:49.463Z [32minfo[39m: POST /session/registro
2024-07-28T00:24:51.663Z [32minfo[39m: GET /session/acceso
2024-07-28T00:26:40.020Z [32minfo[39m: GET /session/registro
2024-07-28T00:26:50.814Z [32minfo[39m: POST /session/registro
2024-07-28T00:26:55.105Z [32minfo[39m: GET /session/acceso
2024-07-28T00:26:56.475Z [32minfo[39m: GET /session/recuperarContrasena
2024-07-28T00:26:57.521Z [32minfo[39m: GET /session/acceso
2024-07-28T00:34:25.495Z [32minfo[39m: POST /session/acceso
2024-07-28T00:34:32.910Z [32minfo[39m: POST /session/acceso
2024-07-28T00:35:33.429Z [32minfo[39m: GET /session/acceso
2024-07-28T00:35:51.780Z [32minfo[39m: POST /session/acceso
2024-07-28T00:36:02.790Z [32minfo[39m: POST /session/acceso
2024-07-28T00:36:03.009Z [31merror[39m: Ocurrio un erro en session.routes.js Error:  newToken is not defined
2024-07-28T00:36:51.817Z [32minfo[39m: POST /session/acceso
2024-07-28T00:36:52.384Z [32minfo[39m: GET /home
2024-07-28T00:36:52.559Z [32minfo[39m: Handling GET request for /
2024-07-31T04:38:23.588Z [32minfo[39m: GET /home
2024-07-31T04:38:24.107Z [32minfo[39m: Handling GET request for /
2024-07-31T04:38:25.162Z [32minfo[39m: GET /favicon.ico
2024-07-31T04:54:40.845Z [32minfo[39m: GET /home
2024-07-31T04:54:41.018Z [32minfo[39m: Handling GET request for /
2024-07-31T05:15:05.169Z [31merror[39m: unhandledRejection: The `uri` parameter to `openUri()` must be a string, got "undefined". Make sure the first parameter to `mongoose.connect()` or `mongoose.createConnection()` is a string.
MongooseError: The `uri` parameter to `openUri()` must be a string, got "undefined". Make sure the first parameter to `mongoose.connect()` or `mongoose.createConnection()` is a string.
    at NativeConnection.createClient (C:\NewProgramacion\CoderHouse\BackEnd\node_modules\mongoose\lib\drivers\node-mongodb-native\connection.js:206:11)
    at NativeConnection.openUri (C:\NewProgramacion\CoderHouse\BackEnd\node_modules\mongoose\lib\connection.js:801:34)
    at Mongoose.connect (C:\NewProgramacion\CoderHouse\BackEnd\node_modules\mongoose\lib\mongoose.js:404:15)
    at Object.<anonymous> (C:\NewProgramacion\CoderHouse\BackEnd\src\app.js:122:12)
    at Module._compile (node:internal/modules/cjs/loader:1376:14)
    at Module._extensions..js (node:internal/modules/cjs/loader:1435:10)
    at Module.load (node:internal/modules/cjs/loader:1207:32)
    at Module._load (node:internal/modules/cjs/loader:1023:12)
    at Function.executeUserEntryPoint [as runMain] (node:internal/modules/run_main:135:12)
    at node:internal/main/run_main_module:28:49
2024-07-31T05:15:24.205Z [31merror[39m: unhandledRejection: The `uri` parameter to `openUri()` must be a string, got "undefined". Make sure the first parameter to `mongoose.connect()` or `mongoose.createConnection()` is a string.
MongooseError: The `uri` parameter to `openUri()` must be a string, got "undefined". Make sure the first parameter to `mongoose.connect()` or `mongoose.createConnection()` is a string.
    at NativeConnection.createClient (C:\NewProgramacion\CoderHouse\BackEnd\node_modules\mongoose\lib\drivers\node-mongodb-native\connection.js:206:11)
    at NativeConnection.openUri (C:\NewProgramacion\CoderHouse\BackEnd\node_modules\mongoose\lib\connection.js:801:34)
    at Mongoose.connect (C:\NewProgramacion\CoderHouse\BackEnd\node_modules\mongoose\lib\mongoose.js:404:15)
    at Object.<anonymous> (C:\NewProgramacion\CoderHouse\BackEnd\src\app.js:120:12)
    at Module._compile (node:internal/modules/cjs/loader:1376:14)
    at Module._extensions..js (node:internal/modules/cjs/loader:1435:10)
    at Module.load (node:internal/modules/cjs/loader:1207:32)
    at Module._load (node:internal/modules/cjs/loader:1023:12)
    at Function.executeUserEntryPoint [as runMain] (node:internal/modules/run_main:135:12)
    at node:internal/main/run_main_module:28:49
2024-07-31T05:21:01.978Z [32minfo[39m: GET /home
2024-07-31T05:21:02.557Z [32minfo[39m: Handling GET request for /
2024-07-31T05:21:05.949Z [32minfo[39m: GET /session/acceso
2024-07-31T05:23:37.760Z [32minfo[39m: GET /session/registro
2024-07-31T05:23:39.988Z [32minfo[39m: GET /home
2024-07-31T05:23:40.153Z [32minfo[39m: Handling GET request for /
2024-07-31T05:23:40.784Z [32minfo[39m: GET /session/acceso
2024-07-31T14:33:17.883Z [32minfo[39m: GET /session/acceso
2024-07-31T14:33:18.386Z [32minfo[39m: GET /favicon.ico
2024-07-31T14:33:21.040Z [32minfo[39m: GET /home
2024-07-31T14:33:21.211Z [32minfo[39m: Handling GET request for /
2024-07-31T14:33:25.013Z [32minfo[39m: GET /payent
2024-07-31T14:33:28.576Z [32minfo[39m: GET /payment
2024-07-31T14:35:54.344Z [32minfo[39m: GET /home
2024-07-31T14:35:54.514Z [32minfo[39m: Handling GET request for /
2024-07-31T15:22:52.735Z [32minfo[39m: GET /api/payment
2024-07-31T15:23:21.696Z [32minfo[39m: GET /api/payment
2024-07-31T15:23:34.231Z [32minfo[39m: GET /api/payment
2024-07-31T15:23:39.072Z [32minfo[39m: POST /api/payments/create-payment-intent
2024-07-31T15:23:40.261Z [32minfo[39m: POST /api/payments/create-payment-intent
2024-07-31T15:25:33.285Z [32minfo[39m: GET /api/payment
2024-07-31T15:54:03.707Z [32minfo[39m: POST /api/payments/create-payment-intent
2024-07-31T15:54:08.373Z [32minfo[39m: POST /api/payments/create-payment-intent
2024-07-31T15:54:12.180Z [32minfo[39m: GET /api/payment
2024-07-31T15:54:16.891Z [32minfo[39m: POST /api/payments/create-payment-intent
2024-07-31T15:56:09.510Z [32minfo[39m: GET /api/payment
2024-07-31T15:56:15.838Z [32minfo[39m: POST /api/payment/create-payment-intent
2024-07-31T15:58:47.892Z [32minfo[39m: POST /api/payment/create-payment-intent
2024-07-31T15:58:52.819Z [32minfo[39m: POST /api/payment/create-payment-intent
2024-07-31T15:58:55.611Z [32minfo[39m: GET /api/payment
2024-07-31T15:59:06.167Z [32minfo[39m: GET /api/payment
2024-07-31T15:59:06.939Z [32minfo[39m: POST /api/payment/create-payment-intent
2024-07-31T16:01:57.290Z [32minfo[39m: GET /api/payment
2024-07-31T16:01:59.824Z [32minfo[39m: POST /api/payment/create-payment-intent
2024-07-31T16:03:37.654Z [32minfo[39m: GET /api/payment
2024-07-31T16:04:29.001Z [32minfo[39m: POST /api/payment/create-payment-intent
2024-07-31T16:04:32.596Z [32minfo[39m: GET /api/payment
2024-07-31T16:04:41.335Z [32minfo[39m: POST /api/payment/create-payment-intent
2024-07-31T16:04:43.879Z [32minfo[39m: POST /api/payment/create-payment-intent
2024-07-31T16:04:44.983Z [32minfo[39m: POST /api/payment/create-payment-intent
2024-07-31T16:05:04.984Z [32minfo[39m: POST /api/payment/create-payment-intent
2024-07-31T16:05:09.310Z [32minfo[39m: GET /api/payment
2024-07-31T16:05:14.094Z [32minfo[39m: POST /api/payment/create-payment-intent
2024-07-31T16:05:15.633Z [32minfo[39m: POST /api/payment/create-payment-intent
2024-07-31T16:05:16.823Z [32minfo[39m: POST /api/payment/create-payment-intent
2024-07-31T16:05:18.890Z [32minfo[39m: POST /api/payment/create-payment-intent
2024-07-31T16:07:41.205Z [32minfo[39m: GET /api/payment
2024-07-31T16:07:42.501Z [32minfo[39m: POST /api/payment/create-payment-intent
2024-07-31T16:08:19.703Z [32minfo[39m: GET /api/payment
2024-07-31T16:08:21.192Z [32minfo[39m: POST /api/payment/create-payment-intent
2024-07-31T16:09:19.623Z [32minfo[39m: GET /api/payment
2024-07-31T16:10:01.361Z [32minfo[39m: POST /api/payments/create-payment-intent
2024-07-31T16:10:10.356Z [32minfo[39m: GET /api/payment
2024-07-31T16:10:40.709Z [32minfo[39m: POST /api/payments/create-payment-intent
2024-07-31T16:11:38.617Z [32minfo[39m: GET /api/payment
2024-07-31T16:11:44.209Z [32minfo[39m: GET /api/payment
2024-07-31T16:11:58.673Z [32minfo[39m: POST /api/payments/create-payment-intent
2024-07-31T16:14:14.032Z [32minfo[39m: GET /api/payment
2024-07-31T16:14:21.553Z [32minfo[39m: GET /api/payment
2024-07-31T16:15:21.014Z [32minfo[39m: GET /api/payment
2024-07-31T16:15:39.348Z [32minfo[39m: GET /api/payment
2024-07-31T16:16:28.097Z [32minfo[39m: GET /api/payment
2024-07-31T16:16:53.902Z [32minfo[39m: GET /api/payment
2024-07-31T16:17:06.275Z [32minfo[39m: POST /api/payments/create-payment-intent
2024-07-31T16:43:12.084Z [32minfo[39m: GET /home
2024-07-31T16:43:12.253Z [32minfo[39m: Handling GET request for /
2024-07-31T16:43:22.138Z [32minfo[39m: GET /api/payment
2024-07-31T16:43:34.832Z [32minfo[39m: POST /api/payments/create-payment-intent
2024-07-31T16:44:40.252Z [32minfo[39m: GET /api/payment
2024-07-31T16:45:01.674Z [32minfo[39m: POST /api/payment/create-payment-intent
2024-07-31T16:45:04.757Z [32minfo[39m: POST /api/payment/create-payment-intent
2024-07-31T16:46:13.809Z [32minfo[39m: GET /api/payment
2024-07-31T16:46:30.094Z [32minfo[39m: POST /api/payment/create-payment-intent
2024-07-31T17:16:21.574Z [32minfo[39m: GET /api/payment
2024-07-31T17:16:34.448Z [32minfo[39m: POST /api/payment/create-payment-intent
2024-07-31T17:16:41.399Z [32minfo[39m: GET /api/payment
2024-07-31T17:17:19.770Z [32minfo[39m: GET /api/payment
2024-07-31T17:17:31.085Z [32minfo[39m: POST /api/payment/create-payment-intent
2024-07-31T17:18:11.698Z [32minfo[39m: POST /api/payment/create-payment-intent
2024-07-31T17:19:28.568Z [32minfo[39m: GET /api/payment
2024-07-31T17:19:37.461Z [32minfo[39m: POST /api/payment/create-payment-intent
2024-07-31T17:21:40.788Z [32minfo[39m: GET /api/payment
2024-07-31T17:23:35.131Z [32minfo[39m: GET /home
2024-07-31T17:23:35.301Z [32minfo[39m: Handling GET request for /
2024-07-31T17:23:52.563Z [32minfo[39m: POST /api/payment/create-payment-intent
2024-07-31T17:24:12.009Z [32minfo[39m: POST /api/payment/create-payment-intent
2024-07-31T17:24:24.091Z [32minfo[39m: GET /api/payment
2024-07-31T17:24:33.396Z [32minfo[39m: POST /api/payment/create-payment-intent
2024-07-31T17:24:40.598Z [32minfo[39m: POST /api/payment/create-payment-intent
2024-07-31T17:24:47.281Z [32minfo[39m: GET /home
2024-07-31T17:24:47.445Z [32minfo[39m: Handling GET request for /
2024-07-31T17:25:25.992Z [32minfo[39m: POST /api/payment/create-payment-intent
2024-07-31T17:25:31.817Z [32minfo[39m: POST /api/payment/create-payment-intent
2024-07-31T17:25:36.966Z [32minfo[39m: GET /home
2024-07-31T17:25:37.129Z [32minfo[39m: Handling GET request for /
