2024-06-04T21:37:01.809Z [31merror[39m: unhandledRejection: Invalid scheme, expected connection string to start with "mongodb://" or "mongodb+srv://"
MongoParseError: Invalid scheme, expected connection string to start with "mongodb://" or "mongodb+srv://"
    at new ConnectionString (C:\NewProgramacion\CoderHouse\BackEnd\node_modules\mongodb-connection-string-url\lib\index.js:86:19)
    at parseOptions (C:\NewProgramacion\CoderHouse\BackEnd\node_modules\mongodb\lib\connection_string.js:186:17)
    at new MongoClient (C:\NewProgramacion\CoderHouse\BackEnd\node_modules\mongodb\lib\mongo_client.js:51:63)
    at MongoClient.connect (C:\NewProgramacion\CoderHouse\BackEnd\node_modules\mongodb\lib\mongo_client.js:295:24)
    at new MongoStore (C:\NewProgramacion\CoderHouse\BackEnd\node_modules\connect-mongo\build\main\lib\MongoStore.js:114:46)
    at MongoStore.create (C:\NewProgramacion\CoderHouse\BackEnd\node_modules\connect-mongo\build\main\lib\MongoStore.js:140:16)
    at Object.<anonymous> (C:\NewProgramacion\CoderHouse\BackEnd\src\app.js:31:23)
    at Module._compile (node:internal/modules/cjs/loader:1376:14)
    at Module._extensions..js (node:internal/modules/cjs/loader:1435:10)
    at Module.load (node:internal/modules/cjs/loader:1207:32)
2024-06-04T21:37:15.843Z [31merror[39m: unhandledRejection: Invalid scheme, expected connection string to start with "mongodb://" or "mongodb+srv://"
MongoParseError: Invalid scheme, expected connection string to start with "mongodb://" or "mongodb+srv://"
    at new ConnectionString (C:\NewProgramacion\CoderHouse\BackEnd\node_modules\mongodb-connection-string-url\lib\index.js:86:19)
    at parseOptions (C:\NewProgramacion\CoderHouse\BackEnd\node_modules\mongodb\lib\connection_string.js:186:17)
    at new MongoClient (C:\NewProgramacion\CoderHouse\BackEnd\node_modules\mongodb\lib\mongo_client.js:51:63)
    at MongoClient.connect (C:\NewProgramacion\CoderHouse\BackEnd\node_modules\mongodb\lib\mongo_client.js:295:24)
    at new MongoStore (C:\NewProgramacion\CoderHouse\BackEnd\node_modules\connect-mongo\build\main\lib\MongoStore.js:114:46)
    at MongoStore.create (C:\NewProgramacion\CoderHouse\BackEnd\node_modules\connect-mongo\build\main\lib\MongoStore.js:140:16)
    at Object.<anonymous> (C:\NewProgramacion\CoderHouse\BackEnd\src\app.js:31:23)
    at Module._compile (node:internal/modules/cjs/loader:1376:14)
    at Module._extensions..js (node:internal/modules/cjs/loader:1435:10)
    at Module.load (node:internal/modules/cjs/loader:1207:32)
2024-06-04T21:37:21.262Z [31merror[39m: unhandledRejection: Invalid scheme, expected connection string to start with "mongodb://" or "mongodb+srv://"
MongoParseError: Invalid scheme, expected connection string to start with "mongodb://" or "mongodb+srv://"
    at new ConnectionString (C:\NewProgramacion\CoderHouse\BackEnd\node_modules\mongodb-connection-string-url\lib\index.js:86:19)
    at parseOptions (C:\NewProgramacion\CoderHouse\BackEnd\node_modules\mongodb\lib\connection_string.js:186:17)
    at new MongoClient (C:\NewProgramacion\CoderHouse\BackEnd\node_modules\mongodb\lib\mongo_client.js:51:63)
    at MongoClient.connect (C:\NewProgramacion\CoderHouse\BackEnd\node_modules\mongodb\lib\mongo_client.js:295:24)
    at new MongoStore (C:\NewProgramacion\CoderHouse\BackEnd\node_modules\connect-mongo\build\main\lib\MongoStore.js:114:46)
    at MongoStore.create (C:\NewProgramacion\CoderHouse\BackEnd\node_modules\connect-mongo\build\main\lib\MongoStore.js:140:16)
    at Object.<anonymous> (C:\NewProgramacion\CoderHouse\BackEnd\src\app.js:31:23)
    at Module._compile (node:internal/modules/cjs/loader:1376:14)
    at Module._extensions..js (node:internal/modules/cjs/loader:1435:10)
    at Module.load (node:internal/modules/cjs/loader:1207:32)
2024-06-19T20:45:32.003Z [31merror[39m: unhandledRejection: Cannot set headers after they are sent to the client
Error [ERR_HTTP_HEADERS_SENT]: Cannot set headers after they are sent to the client
    at ServerResponse.setHeader (node:_http_outgoing:652:11)
    at ServerResponse.header (C:\NewProgramacion\CoderHouse\BackEnd\node_modules\express\lib\response.js:794:10)
    at ServerResponse.send (C:\NewProgramacion\CoderHouse\BackEnd\node_modules\express\lib\response.js:174:12)
    at ServerResponse.json (C:\NewProgramacion\CoderHouse\BackEnd\node_modules\express\lib\response.js:278:15)
    at ServerResponse.send (C:\NewProgramacion\CoderHouse\BackEnd\node_modules\express\lib\response.js:162:21)
    at C:\NewProgramacion\CoderHouse\BackEnd\src\routes\checkout.routes.js:102:21
    at process.processTicksAndRejections (node:internal/process/task_queues:95:5)
2024-06-19T20:47:47.162Z [31merror[39m: unhandledRejection: Cannot set headers after they are sent to the client
Error [ERR_HTTP_HEADERS_SENT]: Cannot set headers after they are sent to the client
    at ServerResponse.setHeader (node:_http_outgoing:652:11)
    at ServerResponse.header (C:\NewProgramacion\CoderHouse\BackEnd\node_modules\express\lib\response.js:794:10)
    at ServerResponse.send (C:\NewProgramacion\CoderHouse\BackEnd\node_modules\express\lib\response.js:174:12)
    at ServerResponse.json (C:\NewProgramacion\CoderHouse\BackEnd\node_modules\express\lib\response.js:278:15)
    at ServerResponse.send (C:\NewProgramacion\CoderHouse\BackEnd\node_modules\express\lib\response.js:162:21)
    at C:\NewProgramacion\CoderHouse\BackEnd\src\routes\checkout.routes.js:101:21
    at process.processTicksAndRejections (node:internal/process/task_queues:95:5)
2024-06-19T20:59:42.673Z [31merror[39m: unhandledRejection: Cannot set headers after they are sent to the client
Error [ERR_HTTP_HEADERS_SENT]: Cannot set headers after they are sent to the client
    at ServerResponse.setHeader (node:_http_outgoing:652:11)
    at ServerResponse.header (C:\NewProgramacion\CoderHouse\BackEnd\node_modules\express\lib\response.js:794:10)
    at ServerResponse.send (C:\NewProgramacion\CoderHouse\BackEnd\node_modules\express\lib\response.js:174:12)
    at C:\NewProgramacion\CoderHouse\BackEnd\src\routes\checkout.routes.js:77:7
    at Layer.handle [as handle_request] (C:\NewProgramacion\CoderHouse\BackEnd\node_modules\express\lib\router\layer.js:95:5)
    at next (C:\NewProgramacion\CoderHouse\BackEnd\node_modules\express\lib\router\route.js:144:13)
    at Route.dispatch (C:\NewProgramacion\CoderHouse\BackEnd\node_modules\express\lib\router\route.js:114:3)
    at Layer.handle [as handle_request] (C:\NewProgramacion\CoderHouse\BackEnd\node_modules\express\lib\router\layer.js:95:5)
    at C:\NewProgramacion\CoderHouse\BackEnd\node_modules\express\lib\router\index.js:284:15
    at Function.process_params (C:\NewProgramacion\CoderHouse\BackEnd\node_modules\express\lib\router\index.js:346:12)
2024-06-19T21:00:13.412Z [31merror[39m: unhandledRejection: Cannot set headers after they are sent to the client
Error [ERR_HTTP_HEADERS_SENT]: Cannot set headers after they are sent to the client
    at ServerResponse.setHeader (node:_http_outgoing:652:11)
    at ServerResponse.header (C:\NewProgramacion\CoderHouse\BackEnd\node_modules\express\lib\response.js:794:10)
    at ServerResponse.send (C:\NewProgramacion\CoderHouse\BackEnd\node_modules\express\lib\response.js:174:12)
    at C:\NewProgramacion\CoderHouse\BackEnd\src\routes\checkout.routes.js:79:7
    at Layer.handle [as handle_request] (C:\NewProgramacion\CoderHouse\BackEnd\node_modules\express\lib\router\layer.js:95:5)
    at next (C:\NewProgramacion\CoderHouse\BackEnd\node_modules\express\lib\router\route.js:144:13)
    at Route.dispatch (C:\NewProgramacion\CoderHouse\BackEnd\node_modules\express\lib\router\route.js:114:3)
    at Layer.handle [as handle_request] (C:\NewProgramacion\CoderHouse\BackEnd\node_modules\express\lib\router\layer.js:95:5)
    at C:\NewProgramacion\CoderHouse\BackEnd\node_modules\express\lib\router\index.js:284:15
    at Function.process_params (C:\NewProgramacion\CoderHouse\BackEnd\node_modules\express\lib\router\index.js:346:12)
2024-06-19T21:02:16.872Z [31merror[39m: unhandledRejection: Cannot set headers after they are sent to the client
Error [ERR_HTTP_HEADERS_SENT]: Cannot set headers after they are sent to the client
    at ServerResponse.setHeader (node:_http_outgoing:652:11)
    at ServerResponse.header (C:\NewProgramacion\CoderHouse\BackEnd\node_modules\express\lib\response.js:794:10)
    at ServerResponse.location (C:\NewProgramacion\CoderHouse\BackEnd\node_modules\express\lib\response.js:915:15)
    at ServerResponse.redirect (C:\NewProgramacion\CoderHouse\BackEnd\node_modules\express\lib\response.js:953:18)
    at C:\NewProgramacion\CoderHouse\BackEnd\src\routes\checkout.routes.js:85:9
    at process.processTicksAndRejections (node:internal/process/task_queues:95:5)
2024-07-14T01:00:45.743Z [31merror[39m: File AircraftManager.js Error:  Cannot read properties of null (reading 'aircraftId')
2024-07-28T00:36:03.009Z [31merror[39m: Ocurrio un erro en session.routes.js Error:  newToken is not defined
2024-07-31T05:15:05.169Z [31merror[39m: unhandledRejection: The `uri` parameter to `openUri()` must be a string, got "undefined". Make sure the first parameter to `mongoose.connect()` or `mongoose.createConnection()` is a string.
MongooseError: The `uri` parameter to `openUri()` must be a string, got "undefined". Make sure the first parameter to `mongoose.connect()` or `mongoose.createConnection()` is a string.
    at NativeConnection.createClient (C:\NewProgramacion\CoderHouse\BackEnd\node_modules\mongoose\lib\drivers\node-mongodb-native\connection.js:206:11)
    at NativeConnection.openUri (C:\NewProgramacion\CoderHouse\BackEnd\node_modules\mongoose\lib\connection.js:801:34)
    at Mongoose.connect (C:\NewProgramacion\CoderHouse\BackEnd\node_modules\mongoose\lib\mongoose.js:404:15)
    at Object.<anonymous> (C:\NewProgramacion\CoderHouse\BackEnd\src\app.js:122:12)
    at Module._compile (node:internal/modules/cjs/loader:1376:14)
    at Module._extensions..js (node:internal/modules/cjs/loader:1435:10)
    at Module.load (node:internal/modules/cjs/loader:1207:32)
    at Module._load (node:internal/modules/cjs/loader:1023:12)
    at Function.executeUserEntryPoint [as runMain] (node:internal/modules/run_main:135:12)
    at node:internal/main/run_main_module:28:49
2024-07-31T05:15:24.205Z [31merror[39m: unhandledRejection: The `uri` parameter to `openUri()` must be a string, got "undefined". Make sure the first parameter to `mongoose.connect()` or `mongoose.createConnection()` is a string.
MongooseError: The `uri` parameter to `openUri()` must be a string, got "undefined". Make sure the first parameter to `mongoose.connect()` or `mongoose.createConnection()` is a string.
    at NativeConnection.createClient (C:\NewProgramacion\CoderHouse\BackEnd\node_modules\mongoose\lib\drivers\node-mongodb-native\connection.js:206:11)
    at NativeConnection.openUri (C:\NewProgramacion\CoderHouse\BackEnd\node_modules\mongoose\lib\connection.js:801:34)
    at Mongoose.connect (C:\NewProgramacion\CoderHouse\BackEnd\node_modules\mongoose\lib\mongoose.js:404:15)
    at Object.<anonymous> (C:\NewProgramacion\CoderHouse\BackEnd\src\app.js:120:12)
    at Module._compile (node:internal/modules/cjs/loader:1376:14)
    at Module._extensions..js (node:internal/modules/cjs/loader:1435:10)
    at Module.load (node:internal/modules/cjs/loader:1207:32)
    at Module._load (node:internal/modules/cjs/loader:1023:12)
    at Function.executeUserEntryPoint [as runMain] (node:internal/modules/run_main:135:12)
    at node:internal/main/run_main_module:28:49
2024-07-31T18:21:00.468Z [31merror[39m: unhandledRejection: Cannot create property '_locals' on number '4500000'
TypeError: Cannot create property '_locals' on number '4500000'
    at ServerResponse.render (C:\NewProgramacion\CoderHouse\BackEnd\node_modules\express\lib\response.js:1039:16)
    at C:\NewProgramacion\CoderHouse\BackEnd\src\routes\payment.routes.js:14:7
    at Layer.handle [as handle_request] (C:\NewProgramacion\CoderHouse\BackEnd\node_modules\express\lib\router\layer.js:95:5)
    at next (C:\NewProgramacion\CoderHouse\BackEnd\node_modules\express\lib\router\route.js:149:13)
    at Route.dispatch (C:\NewProgramacion\CoderHouse\BackEnd\node_modules\express\lib\router\route.js:119:3)
    at Layer.handle [as handle_request] (C:\NewProgramacion\CoderHouse\BackEnd\node_modules\express\lib\router\layer.js:95:5)
    at C:\NewProgramacion\CoderHouse\BackEnd\node_modules\express\lib\router\index.js:284:15
    at Function.process_params (C:\NewProgramacion\CoderHouse\BackEnd\node_modules\express\lib\router\index.js:346:12)
    at next (C:\NewProgramacion\CoderHouse\BackEnd\node_modules\express\lib\router\index.js:280:10)
    at Function.handle (C:\NewProgramacion\CoderHouse\BackEnd\node_modules\express\lib\router\index.js:175:3)
2024-07-31T18:21:15.846Z [31merror[39m: unhandledRejection: Cannot create property '_locals' on number '4500000'
TypeError: Cannot create property '_locals' on number '4500000'
    at ServerResponse.render (C:\NewProgramacion\CoderHouse\BackEnd\node_modules\express\lib\response.js:1039:16)
    at C:\NewProgramacion\CoderHouse\BackEnd\src\routes\payment.routes.js:14:7
    at Layer.handle [as handle_request] (C:\NewProgramacion\CoderHouse\BackEnd\node_modules\express\lib\router\layer.js:95:5)
    at next (C:\NewProgramacion\CoderHouse\BackEnd\node_modules\express\lib\router\route.js:149:13)
    at Route.dispatch (C:\NewProgramacion\CoderHouse\BackEnd\node_modules\express\lib\router\route.js:119:3)
    at Layer.handle [as handle_request] (C:\NewProgramacion\CoderHouse\BackEnd\node_modules\express\lib\router\layer.js:95:5)
    at C:\NewProgramacion\CoderHouse\BackEnd\node_modules\express\lib\router\index.js:284:15
    at Function.process_params (C:\NewProgramacion\CoderHouse\BackEnd\node_modules\express\lib\router\index.js:346:12)
    at next (C:\NewProgramacion\CoderHouse\BackEnd\node_modules\express\lib\router\index.js:280:10)
    at Function.handle (C:\NewProgramacion\CoderHouse\BackEnd\node_modules\express\lib\router\index.js:175:3)
2024-07-31T18:28:40.960Z [31merror[39m: unhandledRejection: Cannot set headers after they are sent to the client
Error [ERR_HTTP_HEADERS_SENT]: Cannot set headers after they are sent to the client
    at ServerResponse.setHeader (node:_http_outgoing:652:11)
    at ServerResponse.header (C:\NewProgramacion\CoderHouse\BackEnd\node_modules\express\lib\response.js:795:10)
    at ServerResponse.send (C:\NewProgramacion\CoderHouse\BackEnd\node_modules\express\lib\response.js:175:12)
    at ServerResponse.json (C:\NewProgramacion\CoderHouse\BackEnd\node_modules\express\lib\response.js:279:15)
    at C:\NewProgramacion\CoderHouse\BackEnd\src\routes\payment.routes.js:50:21
    at process.processTicksAndRejections (node:internal/process/task_queues:95:5)
